// Jest Snapshot v1, https://goo.gl/fbAQLP

exports[`Heading should match snapshot 1`] = `
<styled.div>
  <div
    className="sc-bdVaJa khUSez"
  >
    <styled.h1>
      <h1
        className="sc-bwzfXH dLfjDn"
      >
        Fruit Machine
      </h1>
    </styled.h1>
    <styled.h2>
      <h2
        className="sc-htpNat iERxhB"
      >
        Click the lever to play!
      </h2>
    </styled.h2>
  </div>
</styled.div>
`;
